  main.cpp
  State.cpp
  Room.cpp
  DungeonMap.cpp
  AStar.cpp
  SecurityMap.cpp
  Bullet.cpp
  Grenade.cpp
  NPC.cpp
  WarriorNPC.cpp
  MedicNPC.cpp
  SupplyNPC.cpp
  SearchEnemyState.cpp
  AttackState.cpp
  FleeState.cpp
  GetAmmoState.cpp
  GetHealedState.cpp
  Generating Code...
main.obj : error LNK2019: unresolved external symbol __imp_glutInitWindowPosition referenced in function main
main.obj : error LNK2019: unresolved external symbol __imp_glutInitWindowSize referenced in function main
main.obj : error LNK2019: unresolved external symbol __imp_glutInitDisplayMode referenced in function main
main.obj : error LNK2019: unresolved external symbol __imp_glutMainLoop referenced in function main
main.obj : error LNK2019: unresolved external symbol __imp_glutPostRedisplay referenced in function "void __cdecl idle(void)" (?idle@@YAXXZ)
main.obj : error LNK2019: unresolved external symbol __imp_glutSwapBuffers referenced in function "void __cdecl display(void)" (?display@@YAXXZ)
main.obj : error LNK2019: unresolved external symbol __imp_glutIdleFunc referenced in function main
main.obj : error LNK2019: unresolved external symbol __imp_glutKeyboardFunc referenced in function main
main.obj : error LNK2019: unresolved external symbol __imp_glutDisplayFunc referenced in function main
MedicNPC.obj : error LNK2001: unresolved external symbol __imp_glutBitmapCharacter
SupplyNPC.obj : error LNK2001: unresolved external symbol __imp_glutBitmapCharacter
main.obj : error LNK2001: unresolved external symbol __imp_glutBitmapCharacter
DungeonMap.obj : error LNK2001: unresolved external symbol __imp_glutBitmapCharacter
NPC.obj : error LNK2001: unresolved external symbol __imp_glutBitmapCharacter
WarriorNPC.obj : error LNK2001: unresolved external symbol __imp_glutBitmapCharacter
main.obj : error LNK2019: unresolved external symbol __imp___glutInitWithExit referenced in function glutInit_ATEXIT_HACK
main.obj : error LNK2019: unresolved external symbol __imp___glutCreateWindowWithExit referenced in function glutCreateWindow_ATEXIT_HACK
freeglut.lib : warning LNK4272: library machine type 'x86' conflicts with target machine type 'x64'
glew32.lib : warning LNK4272: library machine type 'x86' conflicts with target machine type 'x64'
C:\Users\User\Documents\year5\AI for computer gaming\BaseForCurrentFinalProject\Graphics\x64\Debug\Graphics.exe : fatal error LNK1120: 12 unresolved externals
