  main.cpp
  State.cpp
  Room.cpp
  DungeonMap.cpp
  AStar.cpp
  SecurityMap.cpp
  Bullet.cpp
  Grenade.cpp
  NPC.cpp
  WarriorNPC.cpp
  MedicNPC.cpp
  SupplyNPC.cpp
  SearchEnemyState.cpp
  AttackState.cpp
  FleeState.cpp
  GetAmmoState.cpp
  GetHealedState.cpp
  Generating Code...
  LINK : C:\Users\User\Documents\year5\AI for computer gaming\AIWarriorGame\Graphics\Debug\Graphics.exe not found or not built by the last incremental link; performing full link
  Graphics.vcxproj -> C:\Users\User\Documents\year5\AI for computer gaming\AIWarriorGame\Graphics\Debug\Graphics.exe
